// Vitest Snapshot v1

exports[`PokemonOptions component > debeb hacer match con el snapshot 1`] = `
"<div data-v-39189cb9=\\"\\" class=\\"options-container\\">
  <ul data-v-39189cb9=\\"\\">
    <li data-v-39189cb9=\\"\\">bulbasaur</li>
    <li data-v-39189cb9=\\"\\">ivysaur</li>
    <li data-v-39189cb9=\\"\\">venusaur</li>
    <li data-v-39189cb9=\\"\\">charmander</li>
  </ul>
</div>"
`;
